#-----------------------------------------------------------
# Vivado v2018.3 (64-bit)
# SW Build 2405991 on Thu Dec  6 23:38:27 MST 2018
# IP Build 2404404 on Fri Dec  7 01:43:56 MST 2018
# Start of session at: Thu Jul 25 16:49:52 2019
# Process ID: 10400
# Current directory: C:/Users/Natt/Documents/GitHub/ELO212/project_6.2.5
# Command line: vivado.exe -gui_launcher_event rodinguilauncherevent8648 C:\Users\Natt\Documents\GitHub\ELO212\project_6.2.5\project_6.2.5.xpr
# Log file: C:/Users/Natt/Documents/GitHub/ELO212/project_6.2.5/vivado.log
# Journal file: C:/Users/Natt/Documents/GitHub/ELO212/project_6.2.5\vivado.jou
#-----------------------------------------------------------
start_gui
open_project C:/Users/Natt/Documents/GitHub/ELO212/project_6.2.5/project_6.2.5.xpr
update_compile_order -fileset sources_1
launch_simulation
source basic_calc_FSM_testbench.tcl
synth_design -rtl -name rtl_1
close_sim
# Disabling source management mode.  This is to allow the top design properties to be set without GUI intervention.
set_property source_mgmt_mode None [current_project]
set_property top basic_calc_FSM [current_fileset]
# Re-enabling previously disabled source management mode.
set_property source_mgmt_mode All [current_project]
update_compile_order -fileset sources_1
refresh_design
refresh_design
update_compile_order -fileset sources_1
refresh_design
refresh_design
update_compile_order -fileset sources_1
close_design
synth_design -rtl -name rtl_1
# Disabling source management mode.  This is to allow the top design properties to be set without GUI intervention.
set_property source_mgmt_mode None [current_project]
set_property top diplay_basic_calc_FSM [current_fileset]
# Re-enabling previously disabled source management mode.
set_property source_mgmt_mode All [current_project]
update_compile_order -fileset sources_1
refresh_design
refresh_design
reset_run synth_1
launch_runs impl_1 -to_step write_bitstream -jobs 2
wait_on_run impl_1
open_hw
connect_hw_server
open_hw_target
set_property PROGRAM.FILE {C:/Users/Natt/Documents/GitHub/ELO212/project_6.2.5/project_6.2.5.runs/impl_1/diplay_basic_calc_FSM.bit} [get_hw_devices xc7a100t_0]
current_hw_device [get_hw_devices xc7a100t_0]
refresh_hw_device -update_hw_probes false [lindex [get_hw_devices xc7a100t_0] 0]
close_hw
close_design
close_project
open_project C:/Users/Natt/Documents/GitHub/ELO212/project_6.2.5/project_6.2.5.xpr
update_compile_order -fileset sources_1
set_property target_constrs_file C:/Users/Natt/Documents/GitHub/ELO212/project_6.2.5/project_6.2.5.srcs/constrs_1/new/constrs.6.2.5.xdc [current_fileset -constrset]
reset_run synth_1
launch_runs synth_1 -jobs 2
wait_on_run synth_1
open_run synth_1 -name synth_1
reset_run synth_1
launch_runs synth_1 -jobs 2
wait_on_run synth_1
close_design
launch_runs impl_1 -jobs 2
wait_on_run impl_1
launch_runs impl_1 -to_step write_bitstream -jobs 2
wait_on_run impl_1
open_hw
connect_hw_server
open_hw_target
set_property PROGRAM.FILE {C:/Users/Natt/Documents/GitHub/ELO212/project_6.2.5/project_6.2.5.runs/impl_1/diplay_basic_calc_FSM.bit} [get_hw_devices xc7a100t_0]
current_hw_device [get_hw_devices xc7a100t_0]
refresh_hw_device -update_hw_probes false [lindex [get_hw_devices xc7a100t_0] 0]
set_property PROBES.FILE {} [get_hw_devices xc7a100t_0]
set_property FULL_PROBES.FILE {} [get_hw_devices xc7a100t_0]
set_property PROGRAM.FILE {C:/Users/Natt/Documents/GitHub/ELO212/project_6.2.5/project_6.2.5.runs/impl_1/diplay_basic_calc_FSM.bit} [get_hw_devices xc7a100t_0]
program_hw_devices [get_hw_devices xc7a100t_0]
refresh_hw_device [lindex [get_hw_devices xc7a100t_0] 0]
close_hw
close [ open C:/Users/Natt/Documents/GitHub/ELO212/project_6.2.5/project_6.2.5.srcs/sources_1/new/debug_display_calc_FSM.sv w ]
add_files C:/Users/Natt/Documents/GitHub/ELO212/project_6.2.5/project_6.2.5.srcs/sources_1/new/debug_display_calc_FSM.sv
update_compile_order -fileset sources_1
# Disabling source management mode.  This is to allow the top design properties to be set without GUI intervention.
set_property source_mgmt_mode None [current_project]
set_property top debug_display_calc_FSM [current_fileset]
# Re-enabling previously disabled source management mode.
set_property source_mgmt_mode All [current_project]
update_compile_order -fileset sources_1
reset_run synth_1
launch_runs impl_1 -to_step write_bitstream -jobs 2
wait_on_run impl_1
open_hw
connect_hw_server
open_hw_target
set_property PROGRAM.FILE {C:/Users/Natt/Documents/GitHub/ELO212/project_6.2.5/project_6.2.5.runs/impl_1/debug_display_calc_FSM.bit} [get_hw_devices xc7a100t_0]
current_hw_device [get_hw_devices xc7a100t_0]
refresh_hw_device -update_hw_probes false [lindex [get_hw_devices xc7a100t_0] 0]
set_property PROBES.FILE {} [get_hw_devices xc7a100t_0]
set_property FULL_PROBES.FILE {} [get_hw_devices xc7a100t_0]
set_property PROGRAM.FILE {C:/Users/Natt/Documents/GitHub/ELO212/project_6.2.5/project_6.2.5.runs/impl_1/debug_display_calc_FSM.bit} [get_hw_devices xc7a100t_0]
program_hw_devices [get_hw_devices xc7a100t_0]
refresh_hw_device [lindex [get_hw_devices xc7a100t_0] 0]
close_hw
open_run synth_1 -name synth_1
close_design
synth_design -rtl -name rtl_1
