#-----------------------------------------------------------
# Vivado v2018.3 (64-bit)
# SW Build 2405991 on Thu Dec  6 23:38:27 MST 2018
# IP Build 2404404 on Fri Dec  7 01:43:56 MST 2018
# Start of session at: Fri Jul 26 18:35:23 2019
# Process ID: 3436
# Current directory: C:/Users/na-tt/Documents/ELO212/project_6_extended.2.2
# Command line: vivado.exe -gui_launcher_event rodinguilauncherevent2972 C:\Users\na-tt\Documents\ELO212\project_6_extended.2.2\project_6_extended.2.2.xpr
# Log file: C:/Users/na-tt/Documents/ELO212/project_6_extended.2.2/vivado.log
# Journal file: C:/Users/na-tt/Documents/ELO212/project_6_extended.2.2\vivado.jou
#-----------------------------------------------------------
start_gui
open_project C:/Users/na-tt/Documents/ELO212/project_6_extended.2.2/project_6_extended.2.2.xpr
update_compile_order -fileset sources_1
synth_design -rtl -name rtl_1
synth_design -rtl -name rtl_1
refresh_design
file mkdir C:/Users/na-tt/Documents/ELO212/project_6_extended.2.2/project_6_extended.2.2.srcs/sim_1/new
set_property SOURCE_SET sources_1 [get_filesets sim_1]
close [ open C:/Users/na-tt/Documents/ELO212/project_6_extended.2.2/project_6_extended.2.2.srcs/sim_1/new/double_dabble_testbench.sv w ]
add_files -fileset sim_1 C:/Users/na-tt/Documents/ELO212/project_6_extended.2.2/project_6_extended.2.2.srcs/sim_1/new/double_dabble_testbench.sv
update_compile_order -fileset sim_1
# Disabling source management mode.  This is to allow the top design properties to be set without GUI intervention.
set_property source_mgmt_mode None [current_project]
set_property top double_dabble_testbench [get_filesets sim_1]
set_property top_lib xil_defaultlib [get_filesets sim_1]
# Re-enabling previously disabled source management mode.
set_property source_mgmt_mode All [current_project]
update_compile_order -fileset sim_1
launch_simulation
source double_dabble_testbench.tcl
close_sim
launch_simulation
source double_dabble_testbench.tcl
close_sim
launch_simulation
refresh_design
launch_simulation
source double_dabble_testbench.tcl
close_sim
launch_simulation
source double_dabble_testbench.tcl
close_sim
launch_simulation
source double_dabble_testbench.tcl
# run 3000ns
run 3000ns
close_sim
launch_simulation
source double_dabble_testbench.tcl
close_sim
launch_simulation
source double_dabble_testbench.tcl
# set curr_wave [current_wave_config]
# if { [string length $curr_wave] == 0 } {
#   if { [llength [get_objects]] > 0} {
#     add_wave /
#     set_property needs_save false [current_wave_config]
#   } else {
#      send_msg_id Add_Wave-1 WARNING "No top level signals found. Simulator will start without a wave window. If you want to open a wave window go to 'File->New Waveform Configuration' or type 'create_wave_config' in the TCL console."
#   }
# }
# run 3000ns
close_sim
